src/app/dashboard/hostel/hostel-room/page.tsx(4,24): error TS2307: Cannot find module '@/components/ui/button' or its corresponding type declarations.
src/app/dashboard/hostel/hostel-room/page.tsx(5,23): error TS2307: Cannot find module '@/components/ui/input' or its corresponding type declarations.
src/app/dashboard/hostel/hostel-room/page.tsx(6,23): error TS2307: Cannot find module '@/components/ui/label' or its corresponding type declarations.
src/app/dashboard/hostel/hostel-room/page.tsx(7,26): error TS2307: Cannot find module '@/components/ui/textarea' or its corresponding type declarations.
src/app/dashboard/hostel/hostel-room/page.tsx(15,8): error TS2307: Cannot find module '@/components/ui/table' or its corresponding type declarations.
src/app/dashboard/hostel/hostel-room/page.tsx(35,8): error TS2307: Cannot find module '@/components/ui/select' or its corresponding type declarations.
src/app/dashboard/hostel/hostel-room/page.tsx(36,20): error TS2307: Cannot find module '@/lib/utils' or its corresponding type declarations.
src/app/dashboard/hostel/hostel-room/page.tsx(37,17): error TS2307: Cannot find module '@/lib/api' or its corresponding type declarations.
src/app/dashboard/hostel/hostel-room/page.tsx(38,26): error TS2307: Cannot find module '@/components/ui/toast' or its corresponding type declarations.
src/app/dashboard/hostel/room-type/page.tsx(4,24): error TS2307: Cannot find module '@/components/ui/button' or its corresponding type declarations.
src/app/dashboard/hostel/room-type/page.tsx(5,23): error TS2307: Cannot find module '@/components/ui/input' or its corresponding type declarations.
src/app/dashboard/hostel/room-type/page.tsx(6,23): error TS2307: Cannot find module '@/components/ui/label' or its corresponding type declarations.
src/app/dashboard/hostel/room-type/page.tsx(7,26): error TS2307: Cannot find module '@/components/ui/textarea' or its corresponding type declarations.
src/app/dashboard/hostel/room-type/page.tsx(15,8): error TS2307: Cannot find module '@/components/ui/table' or its corresponding type declarations.
src/app/dashboard/hostel/room-type/page.tsx(35,8): error TS2307: Cannot find module '@/components/ui/select' or its corresponding type declarations.
src/app/dashboard/hostel/room-type/page.tsx(36,20): error TS2307: Cannot find module '@/lib/utils' or its corresponding type declarations.
src/app/dashboard/hostel/room-type/page.tsx(37,17): error TS2307: Cannot find module '@/lib/api' or its corresponding type declarations.
src/app/dashboard/hostel/room-type/page.tsx(38,26): error TS2307: Cannot find module '@/components/ui/toast' or its corresponding type declarations.
